src/components/Tools/Compendium.tsx(2,10): error TS6133: 'useGameStore' is declared but its value is never read.
src/store/ultimate.test.ts(2,24): error TS1484: 'TextItem' is a type and must be imported using a type-only import when 'verbatimModuleSyntax' is enabled.
src/store/ultimate.test.ts(2,34): error TS1484: 'Token' is a type and must be imported using a type-only import when 'verbatimModuleSyntax' is enabled.
